Verified single / manual_intersection / 0
Verified filtered_basket / native_cypher / 1
Verified basket_with_repeat / plan / 1
Verified filtered_basket / full_source_shared / 2
Verified basket_with_repeat / precomputed_scores / 2
Verified single / precomputed_scores / 2
Verified filtered_basket / full_source_shared / 1
Verified filtered_basket / warm_pair_cache / 2
Verified single / native_cypher / 0
Verified single / plan / 0
Verified basket_with_repeat / plan_unfused / 2
Verified basket_with_repeat / native_cypher / 1
Verified filtered_basket / manual_intersection / 1
Verified basket_with_repeat / manual_intersection / 2
Verified basket_with_repeat / native_cypher / 2
Verified filtered_basket / precomputed_scores / 1
Verified filtered_basket / manual_intersection / 2
Verified basket_with_repeat / full_source_shared / 0
Verified single / plan_unfused / 1
Verified filtered_basket / plan_unfused / 1
Verified filtered_basket / native_cypher / 2
Verified single / warm_pair_cache / 2
Verified filtered_basket / precomputed_scores / 0
Verified basket_with_repeat / full_source_shared / 1
Verified basket_with_repeat / full_source_shared / 2
Verified basket_with_repeat / warm_pair_cache / 2
Verified single / plan / 1
Verified single / plan_unfused / 2
Verified single / manual_intersection / 1
Verified basket_with_repeat / plan / 0
Verified filtered_basket / manual_intersection / 0
Verified basket_with_repeat / native_cypher / 0
Verified basket_with_repeat / manual_intersection / 0
Verified single / plan / 2
Verified filtered_basket / warm_pair_cache / 0
Verified filtered_basket / precomputed_scores / 2
Verified basket_with_repeat / precomputed_scores / 1
Verified single / manual_intersection / 2
Verified basket_with_repeat / warm_pair_cache / 1
Verified single / warm_pair_cache / 0
Verified single / precomputed_scores / 0
Verified basket_with_repeat / warm_pair_cache / 0
Verified single / full_source_shared / 1
Verified filtered_basket / plan_unfused / 2
Verified filtered_basket / plan / 2
Verified filtered_basket / full_source_shared / 0
Verified single / full_source_shared / 0
Verified single / warm_pair_cache / 1
Verified single / full_source_shared / 2
Verified basket_with_repeat / plan_unfused / 0
Verified single / precomputed_scores / 1
Verified filtered_basket / plan_unfused / 0
Verified basket_with_repeat / plan_unfused / 1
Verified filtered_basket / native_cypher / 0
Verified filtered_basket / plan / 0
Verified single / native_cypher / 1
Verified basket_with_repeat / plan / 2
Verified single / plan_unfused / 0
Verified basket_with_repeat / precomputed_scores / 0
Verified basket_with_repeat / manual_intersection / 1
Verified filtered_basket / warm_pair_cache / 1
Verified filtered_basket / plan / 1
Verified single / native_cypher / 2
{"completed": true, "mode": "campaign"}
